[    0.000000] Initializing cgroup subsys cpuset
[    0.000000] Initializing cgroup subsys cpu
[    0.000000] Initializing cgroup subsys cpuacct
[    0.000000] Linux version 4.4.0-134-generic (buildd@lgw01-amd64-033) (gcc versio5.4.0 20160609 (Ubunu 5.4.0-6ubuntu1~16.04.10) ) #160-Ubuntu SPP Wed A 15 14:58:00 TC 2018 (Ubuntu 4.4.0-134.160-generic 4.4.140)
[    0.000000] Command line: BOOT_IMAGE=/boot/vmliuz-4.4.0-134-genec root=BEL=cloudimgrotfs ro console=tty1 console=ttyS0

[    0.000000] KERNEL supported cpus:
[    0.000000]   Intel GenuineIntel
[    0.000000]   AMD AuthenticAMD
[    0.000000]   Centaur CentaurHauls
[    0.0000 x86/fpu: xstate_offset[2]:  576, xstate_sizes[2]:  256
[    0.000000] x86/fp Spporting XSAVE featu 0x01: 'x87 floatig point registers'
[    0.000000] x86/fpu: Supporting XSAVE feature 0x02: 'SSE registers'
[   000000] x86/fpu: Supporting XSAVE feature 0x04: 'AVX registers'
[    0.000000] x86/fpu: Enabled xstate features 0x7, context size is 832 bytes, using 'standard' format.
[    0.000000] e820: BIOS-provided physical RAM map:
[    0.000000] BIOS-e820: [mem 0x0000000000000000-0x000000000009fbff] usable
[    0.000000] BIOS-e820: [mem 0x000000000009fc00-0x000000000009ffff] reserved
[    0.000000] BIOS-e820: [mem 0x00000000000f0000-0x00000000000fffff] reserved
[    0.000000] BIOS-e820: [mem 0x0000000000100000-0x000000003ffeffff] usable
[    0.000000] BIOS-e820: [mem 0x000000003fff000-0x000000003fffffff] ACPI data
[    0.0000] BIOS-e820: [mem 0x00000000fec00000-0x00000000fec00fff] reserved
[    0.000000] BIOS-e820: [mem 0x00000000fee00000-0x00000000fee00fff] reserved
[    0.000000] BIOS-e820: [mem 0x00000000fffc00000x0000000ffffffff] reserved
[    0.000000] NX (Execute Disable) protection: active
[    0.000000] SMBIOS 2.5 present.
[    0.000000] Hypervisor detected: KVM
[    0.000000] e820: last_pfn = 0x3ff0 max_arch_pfn = 0x400000000
[    0.000000] MTRR: Disabled
[    0.000000] x86/PAT: MTRRs disabled, skipping PAT initialation too.
[   0.000000] CPU MTRRs l blank- virtualiz system.
[    0.000000] x8/PAT: Confiration [0-7]: WB  WT  UC- UC  WB WT  C- UC  
[    0.000000] found SMP MP-table at [mem 0x0009fff0-0x0009ffff] mapped at [ffff88000009fff0]
[    0.000000] Scanning 1 aasfor low memory corruption
[    0.000000] RAMDISK: [mem 0x3630c000-x3717dfff]
[    0.000000] ACPI: Early table checksum verification disabled
[    0.000000] ACPI: RSD 000000000000E0000 000024 (v02 VBOX  )
[    0.000000] ACPI: XSDT 0x000000003FFF0030 00003C (v01 VBOX   VBOXXSDT 00000001 ASL  00000061)
[    0.000000] ACPI: FACP 0x000000003FFF00F0 0000F4 (v04 VBO  BOXFACP 00000001 ASL  00000061)
[    0.000000] ACPI: DSDT 0x000000003FF0470 0021FF (v02 VBOX   VBXBIOS 00000002 INTL 20100528)
[    0.000000] ACPI: FACS 0x000000003FFF0200 000040
[    0.000000] ACPI: FACS 0x000000003FFF0200 000040
[    0.000000] ACPI: APIC 0x000000003FFF0240 00005C (v02 VBOX   VBOXAPIC 00000001 ASL  00000061)
[    0.000000] ACPI: SSDT 0x000000003FFF02A0 000CC (v01 VBOX   VBOXCPUT 00000002 INTL 20100528)
[  000000] No NUMA configuration found
[    0.000000] Faking a node at [mem 0x0000000000000000-0x000000003ffefff][    0.000000] NODE_DATA(0) allocated [mem 0x3ffeb000-0x3ffeffff]
[    0.000000] kvm-clock: Using msrs 4b564d01 and 4b564d00
[    0.000000] kvm-clock: cpu 0, msr 0:3ffe3001, primary cpu ock
[    0.000000] kvm-clock: using sched offset of 5365022007 cycles
[    0.000000] clocksource: kv-clock: mask: 0xfffffffffffff max_cycles: 0x1cd42e4dffb, max_idle_ns: 881590591483 ns
[  0.0000] Zone ranges:
[    0.000000]   DMA      [mem 0x0000000000001000-0000000000fffff]
[    0.000000]   DMA32    em0x0000000001000000-0x000000003ffeffff]
[    0.000000]   ormal   empty
[    0.000000]   Device   empty
[    0.000000] Movable zone start for eh ode
[    0.000000] Early memory node rangges
[    0.000000]   node   0: [mem 0x000000000001000-0x00000000009efff]
[    0.000000]   node   0: [mem 0x00000000100000-0x000000003ffeffff]
[    0.000000] Initmem setup node 0 [mem 0x0000000000001000-0x000000003ffeffff]
[    0.000000] ACPI: PM-Timer IO Port: 0x4008
[    0.000000] IOAPIC[0]: apic_id 2, version 32, address 0xfec00000, GSI 0-23
[    0.000000] ACPI: INT_SRC_OVR (bus 0 bus_irq 0 global_irq 2 dfl dfl)
[  0.00000] ACPI: INT_SRC_OVR (bus 0 bus_irq 9 global_irq 9 low level)
[    0.000000] Using ACPI (MADT) for SMP configuration information
[    0.000000] smpboot: Allowing 2 CPUs, 0 hotpluCPs
[    0.000000] PM: Registered nosave memory: [mem 0x00000000-0x00000fff]
[    0.000000] PM: Registered nosave memory: [mem 0x0009f000-0x0009ffff]
[   000000] PM: Registered nosave memory: [mem 0x000a0000-0x000effff]
[    0.000000] PM: Registered nosave memory: [mem 0x000f0000-0x000ffff
[    0.0000] e820: [mem 0x40000000-0xfebfffff] available for PCI devices
[    000000] Booting paravirtualized kernel on KVM
[    0.000000] clocksource: refined-jiffies: mask: 0xffffffff max_yces: 0xffffff, max_idle_ns: 7645519600211568 ns
[    0.000000] setup_percpu: NR_CPUS:512 nr_cpumask_bits:512 nr_cpu_ids:2 nr_node_ids:1
[    0.000000] PERCPU: Embedded 34 pages/cpu @ffff88003fc00000 s99544 r8192 d31528 u1048576
[    0.000000] PV qspinlock hash table entries: 256 (order: 0, 4096 bytes)
[    0.000000] Built 1 zonlist in Node order, mobility grouping on.  Total pages: 257912
[    0.000000] Policy zone: DMA32
[    0.000000] Kernel command line: BOOT_IMAGE=/boovminuz-4.4.0-134-generic root=LABEL=cloudimg-rootfs ro console=tty1 console=ttyS0
[    0.000000] PID hash table entries: 4096 (order: 3, 32768 bytes)
[    0.000000] Memy: 997724K/1048120K available (8554K kernel code, 1314K rwdata, 4004K rodata, 1516K init, 1316K bss, 50396K served, 0K cma-reserved)
[    0.000000] SLUB: HWalign=64, Order=0-3, MinObjects=0, CPUs=2, Nodes=1
[    0.000000] Kernel/User page tables isolation: enabled
[    0.000000]  Hierarchicl RCimlementation.
[    0.000000] 	Build-time adjustment of leaf fanout to 64.
[    0.000000] 	RCU restriin CPUs from NR_CPUS=512 to nr_cpu_ids=2.
[    0.000000] RCU:Adsting geometry for rcu_fanout_leaf=64, nr_cpu_ids=2
[    0.000000] NR_IRQS:33024 nr_irqs:440 16
[    0.000000] Consoe:olour VGA+ 80x25
[    0.000000] console [tty1] enabled
[    0.000000] cosole [ttyS0] enabled
[    0.000000] tsc: Detected 2304.000 MHz processor
[    2.291234] Calibrating delay loop (skipedpreet value.. 4608.00 BogoMIPS (lpj=9216000)
[    2.360206] pid_max: default: 32768 minimum: 301
[    2.361515] ACPI: Core revision 20150930
[    2.372738] ACPI: 2 ACPI AML tables successfully acquired and loaded
[    2.391296] Security Framework initialized
[    2.412184] Yama: becoming mindful.
[    2.413435] AppArmor: AppArmor initialized
[    2.432902] Dentry cache hash table entries: 131072 (order: 8, 1048576 bytes)
[    2.465707] Inode-cache hash table entries: 65536 (order: 7, 524288 bytes)
[    2.467893] Mount-cache hash table entries: 2048 (order: 2, 16384 bytes)
[    2.475663] Mountpoint-cache hash table entries: 2048 (order: 2, 16384 bytes)
[    2.484631] Initializing cgroup subsys io
[    2.487264] Initializing cgroup subsys memory
[    2.489100] Initializing cgroup subsys devices
[    2.490597] Initializing cgroup subsys freezer
[    2.505543] Initializing cgroup subsys net_cls
[    2.525767] Initializing cgroup subsys perf_event
[    2.538376] Initializing cgroup subsys net_prio
[    2.539600] Initializing cgroup subsys hugetlb
[    2.540704] Initializing cgroup subsys pids
[    2.543109] mce: CPU supports 0 MCE banks
[    2.550937] Last level iTLB entries: 4KB 64, 2MB 8, 4MB 8
[    2.566802] Last level dTLB entries: 4KB 64, 2MB 0, 4MB 0, 1GB 4
[    2.582130] Spectre V2 : Mitigation: Full generic retpoline
[    2.583625] Spectre V2 : Speculation control IBPB not-supported IBRS not-supported
[    2.585312] Spectre V2 : Filling RSB on context switch
[    2.586917] Speculative Store Bypass: Vulnerable
[    2.590102] Freeing SMP alternatives memory: 32K
[    2.598569] ftrace: allocating 32266 entries in 127 pages
[    2.666904] smpboot: APIC(0) Converting physical 0 to logical package 0
[    2.669341] smpboot: Max logical packages: 1
[    2.671445] x2apic enabled
[    2.678145] Switched APIC routing to physical x2apic.
[    2.680492] ..TIMER: vector=0x30 apic1=0 pin1=2 apic2=-1 pin2=-1
[    2.789571] smpboot: CPU0: Intel(R) Core(TM) i5-7360U CPU @ 2.30GHz (family: 0x6, model: 0x8e, stepping: 0x9)
[    2.874254] Performance Events: unsupported p6 CPU model 142 no PMU driver, software events only.
[    2.910634] KVM setup paravirtual spinlock
[    2.912364] x86: Booting SMP configuration:
[    2.918957] .... node  #0, CPUs:      #1
[    2.920261] kvm-clock: cpu 1, msr 0:3ffe3041, secondary cpu clock
[    2.940891] mce: CPU supports 0 MCE banks
[    2.944997] x86: Booted up 1 node, 2 CPUs
[    2.955654] smpboot: Total of 2 processors activated (9216.00 BogoMIPS)
[    2.969168] devtmpfs: initialized
[    2.978380] evm: security.selinux
[    2.979626] evm: security.SMACK64
[    2.986509] evm: security.SMACK64EXEC
[    2.999286] evm: security.SMACK64TRANSMUTE
[    3.018584] evm: security.SMACK64MMAP
[    3.022235] evm: security.ima
[    3.026037] evm: security.capability
[    3.027603] clocksource: jiffies: mask: 0xffffffff max_cycles: 0xffffffff, max_idle_ns: 7645041785100000 ns
[    3.052231] futex hash table entries: 512 (order: 3, 32768 bytes)
[    3.066865] pinctrl core: initialized pinctrl subsystem
[    3.069944] RTC time: 11:02:28, date: 09/08/18
[    3.083186] NET: Registered protocol family 16
[    3.106386] cpuidle: using governor ladder
[    3.133587] cpuidle: using governor menu
[    3.164310] PCCT header not found.
[    3.165719] ACPI: bus type PCI registered
[    3.167133] acpiphp: ACPI Hot Plug PCI Controller Driver version: 0.5
[    3.188659] PCI: Using configuration type 1 for base access
[    3.207819] ACPI: Added _OSI(Module Device)
[    3.227075] ACPI: Added _OSI(Processor Device)
[    3.228677] ACPI: Added _OSI(3.0 _SCP Extensions)
[    3.230264] ACPI: Added _OSI(Processor Aggregator Device)
[    3.232947] ACPI: Executed 1 blocks of module-level executable AML code
[    3.251566] ACPI: Interpreter enabled
[    3.277698] ACPI: (supports S0 S5)
[    3.279191] ACPI: Using IOAPIC for interrupt routing
[    3.285735] PCI: Using host bridge windows from ACPI; if necessary, use "pci=nocrs" and report a bug
[    3.295383] ACPI: PCI Root Bridge [PCI0] (domain 0000 [bus 00-ff])
[    3.327177] acpi PNP0A03:00: _OSC: OS supports [ASPM ClockPM Segments MSI]
[    3.347148] acpi PNP0A03:00: _OSC: not requesting OS control; OS requires [ExtendedConfig ASPM ClockPM MSI]
[    3.371909] acpi PNP0A03:00: fail to add MMCONFIG information, can't access extended PCI configuration space under this bridge.
[    3.419258] PCI host bridge to bus 0000:00
[    3.420389] pci_bus 0000:00: root bus resource [io  0x0000-0x0cf7 window]
[    3.433205] pci_bus 0000:00: root bus resource [io  0x0d00-0xffff window]
[    3.451531] pci_bus 0000:00: root bus resource [mem 0x000a0000-0x000bffff window]
[    3.459440] pci_bus 0000:00: root bus resource [mem 0x40000000-0xfdffffff window]
[    3.467011] pci_bus 0000:00: root bus resource [bus 00-ff]
[    3.511214] pci 0000:00:01.1: legacy IDE quirk: reg 0x10: [io  0x01f0-0x01f7]
[    3.532209] pci 0000:00:01.1: legacy IDE quirk: reg 0x14: [io  0x03f6]
[    3.534111] pci 0000:00:01.1: legacy IDE quirk: reg 0x18: [io  0x0170-0x0177]
[    3.535966] pci 0000:00:01.1: legacy IDE quirk: reg 0x1c: [io  0x0376]
[    3.550695] pci 0000:00:07.0: quirk: [io  0x4000-0x403f] claimed by PIIX4 ACPI
[    3.577910] pci 0000:00:07.0: quirk: [io  0x4100-0x410f] claimed by PIIX4 SMB
[    3.584614] ACPI: PCI Interrupt Link [LNKA] (IRQs 5 9 10 *11)
[    3.592397] ACPI: PCI Interrupt Link [LNKB] (IRQs 5 9 *10 11)
[    3.613680] ACPI: PCI Interrupt Link [LNKC] (IRQs 5 *9 10 11)
[    3.615777] ACPI: PCI Interrupt Link [LNKD] (IRQs 5 9 10 *11)
[    3.618343] ACPI: Enabled 2 GPEs in block 00 to 07
[    3.627097] vgaarb: setting as boot device: PCI:0000:00:02.0
[    3.638750] vgaarb: device added: PCI:0000:00:02.0,decodes=io+mem,owns=io+mem,locks=none
[    3.657898] vgaarb: loaded
[    3.664577] vgaarb: bridge control possible 0000:00:02.0
[    3.679645] SCSI subsystem initialized
[    3.690427] ACPI: bus type USB registered
[    3.691594] usbcore: registered new interface driver usbfs
[    3.704447] usbcore: registered new interface driver hub
[    3.721708] usbcore: registered new device driver usb
[    3.725883] PCI: Using ACPI for IRQ routing
[    3.733823] NetLabel: Initializing
[    3.740378] NetLabel:  domain hash size = 128
[    3.747028] NetLabel:  protocols = UNLABELED CIPSOv4
[    3.759571] NetLabel:  unlabeled traffic allowed by default
[    3.765492] amd_nb: Cannot enumerate AMD northbridges
[    3.767425] clocksource: Switched to clocksource kvm-clock
[    3.781448] Apprmor: AppArr Filesystem Enle
[    3.969782] pnp: PnP ACPI init
[    3.972467] pnp: PnP ACPI: found 3 devices

[    3.985979] clocksource ai_pm: mask: ffffax_cycles: 0xfff, max_idle_ns: 85701024 ns
  4.4079] NETRegistered protocol family
[    4.258] TCP established hash table entries: 8192 (order: 4, 65536 bytes)
[    4.629686] TCP bind hash table entries: 8192 (order: 5, 131072 bytes)
[    4.637026] TCP: Hshabs nfigured (established 8192 bind 192)
[    4.825232] UDP hash table entries: 512 (order: 2, 16384 bytes)
[    4.827103] UDP-Le hash table entries: 512 (order: 2, 16384 bytes)
[    4.8746] NET:Registered protocol family 1
[    4.950100] pci 000000:00.0: imiting direct PCI/PCI transfers
[    5.028677] pci 0000:00:01.0: Activti ISA DMA hang workarounds
[    5.100790] Unpacking initramfs...

[    5.3436] Feing initrd emy:4792K
[    5.626763] platform rtc_cmos: register platform RTC device (no PNP device found)
[    5680460] Scanning for low memory corruption every 60 seconds

[    5.706056] audit: initializing netlink subsys (disabled)
[    5.713468] audit: type=2000 audit(1536404554.332:1): initialized
[    5.894794] Initialise system trusted keyring
[    5.896365] HugeTLB registered 2 MB page size, pre-allocated 0 pages
[    5.899422] zbud: loaded
[    5.900855] VFS: Disk quotas dquot_6.6.0
[    5.902035] VFS: Dquot-cache hash table entries: 512 (order 0, 4096 bytes)
[    5.909892] squashfs: version 4.0 (2009/01/31) Phillip Lougher
[    5.912134] fuse init (API version 7.23)
[    5.913535] Key type big_key regisered
[    5.949786] Allocating IMA MOK and blacklist keyrings.

[    5.953021] Key type asymmetric registered
[    5.954210] Asymmetric key parser 'x509' registered
[    5.955603] Block layer SCSI generic (bsg) driver version 0.4 loaded (major 249)
[    5.957825] io scheduler noop registered
[    5.958971] io scheduler deadline registered (default)
[    5.960457] io scheduler cfq registered
[    5.961651] pci_hotplug: PCI Hot Plug PCI Core version: 0.5
[    5.964783] pciehp: PCI Express Hot Plug Controller Driver version: 0.4
[    5.970318] ACPI: AC Adapter [AC] (off-line)
[    5.976820] input: Power Button as /devices/LNXSYSTM:00/LNXPWRBN:00/input/input0
[    5.9985] AC: Powr Button [PWRF]
[    6155544] input: Sleep Button as /devices/LNXSYSTM:00/LNXSLPBN:00/input/input1
[    6.185359] APISlp Button [SLPF]

[    6.304063] GHES: HEST is not enabled!
[    6.305320] Serial: 8250/16550 driver, 32 ports, IRQ sharing enabled
[    6.305652] ACPI: Battery Slot [BAT0] (battery present)
[  6.331982] 00:02: ttyS0 atI/0x3f8 (irq = 4, base_baud = 115200) is a 16550A
[    6.447885] Linux aga ierface v0.103

[    6.594006] loo: module loaded
[    6.627162] tsc: Refined TSC clocksource calibration: 2304.656 MHz
[    6.629000] clocksource: tsc: mask: 0xffffffffffffffff max_cycles: 0x21386391cf0, max_idle_ns: 440795269548 ns
[    6.632240] scsi host0: ata_piix
[    6.633487] scsi host1: ata_piix
[    6.634546] ata1: PATA max UDMA/33 cmd 0x1f0 ctl 0x3f6 bmdma 0xd000 irq 14
[    6.643542] ata2: PATA max UDMA/33 cmd 0x170 ctl 0x376 bmdma 0xd008 irq 15
[    6.667611] libphy: Fixed MDIO Bus: probed
[    6.669083] tun: Universal TUN/TAP device driver, 1.6
[    6.670521] tun: (C) 1999-2004 Max Krasnyansky <maxk@qualcomm.com>
[    6.681496] PPP generic driver version 2.4.2
[    6.689407] ehci_hcd: USB 2.0 'Enhanced' Host Controller (EHCI) Driver
[    6.700161] ehci-pci: EHCI PCI platform driver
[    6.701436] ehci-platform: EHCI generic platform driver
[    6.702871] ohci_hcd: USB 1.1 'Open' Host Controller (OHCI) Driver
[    6.717761] ohci-pci: OHCI PCI platform driver
[    6.718921] ohci-platform: OHCI generic platform driver
[    6.720336] uhci_hcd: USB Universal Host Controller Interface driver
[    6.729356] i8042: PNP: PS/2 Controller [PNP0303:PS2K,PNP0f03:PS2M] at 0x60,0x64 irq 1,12
[    6.740844] serio: i8042 KBD port at 0x60,0x64 irq 1
[    6.742237] serio: i8042 AUX port at 0x60,0x64 irq 12
[    6.743890] mousedev: PS/2 mouse device common for all mice
[    6.753609] rtc_cmos rtc_cmos: rtc core: registered rtc_cmos as rtc0
[    6.762565] rtc_cmos rtc_cmos: alarms up to one day, 114 bytes nvram
[    6.771171] i2c /dev entries driver
[    6.772266] device-mapper: uevent: version 1.0.3
[    6.772325] input: AT Translated Set 2 keyboard as /devices/platform/i8042/serio0/input/input2
[    6.781897] device-mapper: ioctl: 4.34.0-ioctl (2015-10-28) initialised: dm-devel@redhat.com
[    6.784302] ledtrig-cpu: registered to indicate activity on CPUs
[    6.786239] NET: Registered protocol family 10
[    6.787793] NET: Registered protocol family 17
[    6.818401] Key type dns_resolver registered
[    6.820082] registered taskstats version 1
[    6.821230] Loading compiled-in X.509 certificates
[    6.828809] Loaded X.509 cert 'Build time autogenerated kernel key: 4eb3d024ac16f76c1747ffd474694c84db21038b'
[    6.836818] zswap: loaded using pool lzo/zbud
[    6.845618] Key type trusted registered
[    6.861435] Key type encrypted registered
[    6.868477] AppArmor: AppArmor sha1 policy hashing enabled
[    6.869933] ima: No TPM chip found, activating TPM-bypass!
[    6.871306] ima: Allocated hash algorithm: sha1
[    6.878183] evm: HMAC attrs: 0x1
[    6.879413]   Magic number: 2:745:23
[    6.880908] rtc_cmos rtc_cmos: setting system clock to 2018-09-08 11:02:32 UTC (1536404552)
[    6.883527] BIOS EDD facility v0.16 2004-Jun-25, 0 devices found
[    6.888505] EDD information not available.
[    6.890708] Freeing unused kernel memory: 1516K
[    6.908002] Write protecting the kernel read-only data: 14336k
[    6.917445] Freeing unused kernel memory: 1672K
[    6.919152] Freeing unused kernel memory: 92K
Loading, please wait...
starting version 229
[    6.932082] random: systemd-udevd: uninitialized urandom read (16 bytes read, 5 bits of entropy available)
[    6.932287] random: udevadm: uninitialized urandom read (16 bytes read, 5 bits of entropy available)
[    6.932306] random: udevadm: uninitialized urandom read (16 bytes read, 5 bits of entropy available)
[    6.940230] random: udevadm: uninitialized urandom read (16 bytes read, 5 bits of entropy available)
[    6.940280] random: udevadm: uninitialized urandom read (16 bytes read, 5 bits of entropy available)
[    6.940467] random: udevadm: uninitialized urandom read (16 bytes read, 5 bits of entropy available)
[    6.940524] random: udevadm: uninitialized urandom read (16 bytes read, 5 bits of entropy available)
[    6.940583] random: udevadm: uninitialized urandom read (16 bytes read, 5 bits of entropy available)
[    6.940637] random: udevadm: uninitialized urandom read (16 bytes read, 5 bits of entropy available)
[    6.940683] random: udevadm: uninitialized urandom read (16 bytes read, 5 bits of entropy available)
[    7.048351] e1000: Intel(R) PRO/1000 Network Driver - version 7.3.21-k8-NAPI
[    7.050754] e1000: Copyright (c) 1999-2006 Intel Corporation.
[    7.052459] Fusion MPT base driver 3.04.20
[    7.053544] Copyright (c) 1999-2008 LSI Corporation
[    7.084445] Fusion MPT SPI Host driver 3.04.20
[    7.090104] AVX2 version of gcm_enc/dec engaged.
[    7.091433] AES CTR mode by8 optimization enabled
[    7.296968] input: ImExPS/2 Generic Explorer Mouse as /devices/platform/i8042/serio1/input/input4
[    7.489735] e1000 0000:00:03.0 eth0: (PCI:33MHz:32-bit) 02:1d:76:b3:3c:fe
[    7.498680] e1000 0000:00:03.0 eth0: Intel(R) PRO/1000 Network Connection
[    7.508057] mptbase: ioc0: Initiating bringup
[    7.508384] e1000 0000:00:03.0 enp0s3: renamed from eth0
[    7.691970] ioc0: LSI53C1030 A0: Capabilities={Initiator}
[    8.670437] scsi host2: ioc0: LSI53C1030 A0, FwRev=00000000h, Ports=1, MaxQ=256, IRQ=20
[    9.688315] scsi 2:0:0:0: Direct-Access     VBOX     HARDDISK         1.0  PQ: 0 ANSI: 5
[   10.139972] scsi target2:0:0: Beginning Domain Validation
[   10.148585] scsi target2:0:0: Domain Validation skipping write tests
[   10.158365] scsi target2:0:0: Ending Domain Validation
[   10.161240] scsi target2:0:0: asynchronous
[   10.164003] scsi 2:0:1:0: Direct-Access     VBOX     HARDDISK         1.0  PQ: 0 ANSI: 5
[   10.626775] scsi target2:0:1: Beginning Domain Validation
[   10.630416] scsi target2:0:1: Domain Validation skipping write tests
[   11.127031] scsi target2:0:1: Ending Domain Validation
[   11.128947] scsi target2:0:1: asynchronous
[   11.149857] sd 2:0:0:0: Attached scsi generic sg0 type 0
[   11.151377] sd 2:0:1:0: Attached scsi generic sg1 type 0
[   11.151518] sd 2:0:0:0: [sda] 20971520 512-byte logical blocks: (10.7 GB/10.0 GiB)
[   11.154596] sd 2:0:1:0: [sdb] 20480 512-byte logical blocks: (10.5 MB/10.0 MiB)
[   11.156288] sd 2:0:0:0: [sda] Write Protect is off
[   11.174659] sd 2:0:1:0: [sdb] Write Protect is off
[   11.177613] sd 2:0:0:0: [sda] Incomplete mode parameter data
[   11.180761] sd 2:0:0:0: [sda] Assuming drive cache: write through
[   11.190020] sd 2:0:1:0: [sdb] Incomplete mode parameter data
[   11.192029] sd 2:0:1:0: [sdb] Assuming drive cache: write through
[   11.211625]  sda: sda1
[   11.221399] sd 2:0:0:0: [sda] Attached SCSI disk
[   11.224547] sd 2:0:1:0: [sdb] Attached SCSI disk
Begin: Loading e[   12.588282] md: linear personality registered for level -1
ssential drivers ... [   12.594203] md: multipath personality registered for level -4
[   12.597883] md: raid0 personality registered for level 0
[   12.619693] md: raid1 personality registered for level 1
[   12.711657] raid6: sse2x1   gen() 10358 MB/s
[   12.791546] raid6: sse2x1   xor()  5531 MB/s
[   12.863535] raid6: sse2x2   gen()  8081 MB/s
[   12.947958] raid6: sse2x2   xor()  5585 MB/s
[   13.027470] raid6: sse2x4   gen() 13135 MB/s
[   13.095968] raid6: sse2x4   xor()  9020 MB/s
[   13.175529] raid6: avx2x1   gen() 16590 MB/s
[   13.259712] raid6: avx2x2   gen() 22744 MB/s
[   13.327645] raid6: avx2x4   gen() 20064 MB/s
[   13.334765] raid6: using algorithm avx2x2 gen() 22744 MB/s
[   13.336701] raid6: using avx2x2 recovery algorithm
[   13.366981] xor: automatically using best checksumming function:
[   13.419499]    avx       : 44409.000 MB/sec
[   13.425356] async_tx: api initialized (async)
[   13.435670] md: raid6 personality registered for level 6
[   13.438703] md: raid5 personality registered for level 5
[   13.458358] md: raid4 personality registered for level 4
[   13.477198] md: raid10 personality registered for level 10
done.
Begin: Running /scripts/init-premount ... done.
Begin: Mounting root file system ... Begin: Running /scripts/local-top ... done.
Begin: Running /scripts/local-premount[   13.524340] Btrfs loaded
 ... Scanning for Btrfs filesystems
done.
Warning: fsck not present, so sk[   13.586525] EXT4-fs (sda1): INFO: recovery required on readonly filesystem
ipping root file system
[   13.589436] EXT4-fs (sda1): write access will be enabled during recovery
[   13.709856] EXT4-fs (sda1): recovery complete
[   14.077372] EXT4-fs (sda1): mounted filesystem with ordered data mode. Opts: (null)
done.
Begin: Running /scripts/local-bottom ... done.
Begin: Running /scripts/init-bottom ... done.
[   14.503456] systemd[1]: systemd 229 running in system mode. (+PAM +AUDIT +SELINUX +IMA +APPARMOR +SMACK +SYSVINIT +UTMP +LIBCRYPTSETUP +GCRYPT +GNUTLS +ACL +XZ -LZ4 +SECCOMP +BLKID +ELFUTILS +KMOD -IDN)
[   14.589705] systemd[1]: Detected virtualization oracle.
[   14.591666] systemd[1]: Detected architecture x86-64.

Welcome to [1mUbuntu 16.04.5 LTS[0m!

[   14.634415] systemd[1]: Set hostname to <ubuntu-xenial>.
[   14.728432] random: nonblocking pool is initialized
[   14.974313] systemd[1]: Reached target Encrypted Volumes.
[[0;32m  OK  [0m] Reached target Encrypted Volumes.
[   15.021669] systemd[1]: Listening on LVM2 metadata daemon socket.
[[0;32m  OK  [0m] Listening on LVM2 metadata daemon socket.
[   15.044581] systemd[1]: Listening on Syslog Socket.
[[0;32m  OK  [0m] Listening on Syslog Socket.
[   15.075277] systemd[1]: Listening on udev Control Socket.
[[0;32m  OK  [0m] Listening on udev Control Socket.
[   15.078926] systemd[1]: Reached target System Time Synchronized.
[[0;32m  OK  [0m] Reached target System Time Synchronized.
[   15.082885] systemd[1]: Reached target User and Group Name Lookups.
[[0;32m  OK  [0m] Reached target User and Group Name Lookups.
[   15.103090] systemd[1]: Reached target Swap.
[[0;32m  OK  [0m] Reached target Swap.
[   15.107359] systemd[1]: Started Trigger resolvconf update for networkd DNS.
[[0;32m  OK  [0m] Started Trigger resolvconf update for networkd DNS.
[   15.123834] systemd[1]: Listening on /dev/initctl Compatibility Named Pipe.
[[0;32m  OK  [0m] Listening on /dev/initctl Compatibility Named Pipe.
[   15.148164] systemd[1]: Listening on Journal Audit Socket.
[[0;32m  OK  [0m] Listening on Journal Audit Socket.
[   15.155797] systemd[1]: Set up automount Arbitrary Executable File Formats File System Automount Point.
[[0;32m  OK  [0m] Set up automount Arbitrary Executab...ats File System Automount Point.
[   15.168516] systemd[1]: Listening on Journal Socket.
[[0;32m  OK  [0m] Listening on Journal Socket.
[   15.208400] systemd[1]: Listening on udev Kernel Socket.
[[0;32m  OK  [0m] Listening on udev Kernel Socket.
[   15.264949] systemd[1]: Listening on Device-mapper event daemon FIFOs.
[[0;32m  OK  [0m] Listening on Device-mapper event daemon FIFOs.
[   15.288796] systemd[1]: Created slice User and Session Slice.
[[0;32m  OK  [0m] Created slice User and Session Slice.
[   15.320053] systemd[1]: Started Forward Password Requests to Wall Directory Watch.
[[0;32m  OK  [0m] Started Forward Password Requests to Wall Directory Watch.
[   15.336756] systemd[1]: Created slice System Slice.
[[0;32m  OK  [0m] Created slice System Slice.
[   15.352423] systemd[1]: Starting Set console keymap...
         Starting Set console keymap...
[   15.374423] systemd[1]: Mounting Huge Pages File System...
         Mounting Huge Pages File System...
[   15.393427] systemd[1]: Mounting Debug File System...
         Mounting Debug File System...
[   15.396386] systemd[1]: Starting Uncomplicated firewall...
         Starting Uncomplicated firewall...
[   15.404246] systemd[1]: Starting Create list of required static device nodes for the current kernel...
         Starting Create list of required st... nodes for the current kernel...
[   15.434122] systemd[1]: Starting Load Kernel Modules...
[   15.444446] Loading iSCSI transport class v2.0-870.
         Starting Load Kernel Modules...
[   15.446806] systemd[1]: Reached target Slices.
[[0;32m  OK  [[   15.462473] iscsi: registered transport (tcp)
0m] Reached target Slices.
[   15.491863] systemd[1]: Starting Monitoring of LVM2 mirrors, snapshots etc. using dmeventd or progress polling...
         Starting Monitoring of [   15.519659] iscsi: registered transport (iser)
LVM2 mirrors... dmeventd or progress polling...
[   15.547738] systemd[1]: Starting Nameserver information manager...
         Starting Nameserver information manager...
[   15.572619] systemd[1]: Created slice system-serial\x2dgetty.slice.
[[0;32m  OK  [0m] Created slice system-serial\x2dgetty.slice.
[   15.599568] systemd[1]: Mounting POSIX Message Queue File System...
         Mounting POSIX Message Queue File System...
[   15.618257] systemd[1]: Starting Remount Root and Kernel File Systems...
[   15.623250] EXT4-fs (sda1): re-mounted. Opts: (null)
         Starting Remount Root and Kernel File Systems...
[   15.628341] systemd[1]: Listening on Journal Socket (/dev/log).
[[0;32m  OK  [0m] Listening on Journal Socket (/dev/log).
[   15.640773] systemd[1]: Starting Journal Service...
         Starting Journal Service...
[   15.644208] systemd[1]: Listening on LVM2 poll daemon socket.
[[0;32m  OK  [0m] Listening on LVM2 poll daemon socket.
[   15.700708] systemd[1]: Mounted Debug File System.
[[0;32m  OK  [0m] Mounted Debug File System.
[   15.710744] systemd[1]: Mounted Huge Pages File System.
[[0;32m  OK  [0m] Mounted Huge Pages File System.
[   15.724405] systemd[1]: Mounted POSIX Message Queue File System.
[[0;32m  OK  [0m] Mounted POSIX Message Queue File System.
[   15.748105] systemd[1]: Started Journal Service.
[[0;32m  OK  [0m] Started Journal Service.
[[0;32m  OK  [0m] Started Set console keymap.
[[0;32m  OK  [0m] Started Uncomplicated firewall.
[[0;32m  OK  [0m] Started Create list of required sta...ce nodes for the current kernel.
[[0;32m  OK  [0m] Started Load Kernel Modules.
[[0;32m  OK  [0m] Started Remount Root and Kernel File Systems.
[[0;32m  OK  [0m] Started Nameserver information manager.
[[0;32m  OK  [0m] Started LVM2 metadata daemon.
         Starting udev Coldplug all Devices...
         Starting Load/Save Random Seed...
         Mounting FUSE Control File System...
         Starting Apply Kernel Variables...
         Starting Create Static Device Nodes in /dev...
         Starting Flush Journal to Persistent Storage...
[[0;32m  OK  [0m] Mounted FUSE Control File System.
[[0;32m  OK  [0m] Started Load/Save Random Seed.
[[0;32m  OK  [0m] Started Apply Kernel Variables.
[[0;32m  OK  [0m] Started Create Static Device Nodes in /dev.
[[0;32m  OK  [0m] Started udev Coldplug all Devices.
         Starting udev Kernel Device Manager...
[[0;32m  OK  [0m] Started Flush Journal to Persistent Storage.
[[0;32m  OK  [0m] Started udev Kernel Device Manager.
[[0;32m  OK  [0m] Started Dispatch Password Requests to Console Directory Watch.
[[0;32m  OK  [0m] Started Monitoring of LVM2 mirrors,...ng dmeventd or progress polling.
[[0;32m  OK  [0m] Reached target Local File Systems (Pre).
[[0;32m  OK  [0m] Reached target Local File Systems.
         Starting Create Volatile Files and Directories...
         Starting Tell Plymouth To Write Out Runtime Data...
         Starting LSB: AppArmor initialization...
         Starting Set console font and keymap...
         Starting Initial cloud-init job (pre-networking)...
[[0;32m  OK  [0m] Started Create Volatile Files and Directories.
[[0;32m  OK  [0m] Started Tell Plymouth To Write Out Runtime Data.
         Starting Update UTMP about System Boot/Shutdown...
[[0;32m  OK  [0m] Started Update UTMP about System Boot/Shutdown.
[[0;32m  OK  [0m] Found device /dev/ttyS0.
[[0;32m  OK  [0m] Listening on Load/Save RF Kill Switch Status /dev/rfkill Watch.
[[0;32m  OK  [0m] Started LSB: AppArmor initialization.
[[0;32m  OK  [0m] Found device 82540EM Gigabit Ethern...r (PRO/1000 MT Desktop Adapter).
[[0;32m  OK  [0m] Started Set console font and keymap.
[[0;32m  OK  [0m] Created slice system-getty.slice.
[   15.270275] cloud-init[496]: Cloud-init v. 18.3-9-g2e62cb8a-0ubuntu1~16.04.2 running 'init-local' at Sat, 08 Sep 2018 11:02:43 +0000. Up 14.90 seconds.
[[0;32m  OK  [0m] Started Initial cloud-init job (pre-networking).
[[0;32m  OK  [0m] Reached target Network (Pre).
         Starting Raise network interfaces...
[[0;32m  OK  [0m] Started ifup for enp0s3.
[[0;32m  OK  [0m] Started Raise network interfaces.
[[0;32m  OK  [0m] Reached target Network.
         Starting Initial cloud-init job (metadata service crawler)...
[   16.675837] cloud-init[964]: Cloud-init v. 18.3-9-g2e62cb8a-0ubuntu1~16.04.2 running 'init' at Sat, 08 Sep 2018 11:02:45 +0000. Up 16.17 seconds.
[   16.684987] cloud-init[964]: ci-info: ++++++++++++++++++++++++++++++++++++++Net device info++++++++++++++++++++++++++++++++++++++
[   16.688140] cloud-init[964]: ci-info: +--------+------+----------------------------+---------------+--------+-------------------+
[   16.756488] cloud-init[964]: ci-info: | Device |  Up  |          Address           |      Mask     | Scope  |     Hw-Address    |
[   16.757287] cloud-init[964]: ci-info: +--------+------+----------------------------+---------------+--------+-------------------+
[   16.757436] cloud-init[964]: ci-info: | enp0s3 | True |         10.0.2.15          | 255.255.255.0 | global | 02:1d:76:b3:3c:fe |
[   16.758025] cloud-init[964]: ci-info: | enp0s3 | True | fe80::1d:76ff:feb3:3cfe/64 |       .       |  link  | 02:1d:76:b3:3c:fe |
[   16.758769] cloud-init[964]: ci-info: |   lo   | True |         127.0.0.1          |   255.0.0.0   |  host  |         .         |
[[0;32m  OK  [0m] Started Initial cloud-init job (metadata service crawler).
[   16.759037] cloud-init[964]: ci-info: |   lo   | True |          ::1/128           |       .       |  host  |         .         |
[   17.144634] cloud-init[964]: ci-info: +--------+------+----------------------------+---------------+--------+-------------------+
[   17.145426] cloud-init[964]: ci-info: +++++++++++++++++++++++++++Route IPv4 info++++++++++++++++++++++++++++
[[0;32m  OK  [0m] Reached target Cloud-config availability.
[[   17.145912] cloud-init[964]: ci-info: +-------+-------------+----------+---------------+-----------+-------+
[   17.217529] cloud-init[964]: ci-info: | Route | Destination | Gateway  |    Genmask    | Interface | Flags |
[   17.217886] cloud-init[964]: ci-info: +-------+-------------+----------+---------------+-----------+-------+
[   17.218141] cloud-init[964]: ci-info: |   0   |   0.0.0.0   | 10.0.2.2 |    0.0.0.0    |   enp0s3  |   UG  |
[   17.218407] cloud-init[964]: ci-info: |   1   |   10.0.2.0  | 0.0.0.0  | 255.255.255.0 |   enp0s3  |   U   |
[   17.218660] cloud-init[964]: ci-info: +-------+-------------+----------+---------------+-----------+-------+
[   17.218918] cloud-init[964]: ci-info: +++++++++++++++++++Route IPv6 info+++++++++++++++++++
[   17.219177] cloud-init[964]: ci-info: +-------+-------------+---------+-----------+-------+
[   17.219437] cloud-init[964]: ci-info: | Route | Destination | Gateway | Interface | Flags |
[   17.219696] cloud-init[964]: ci-info: +-------+-------------+---------+-----------+-------+
[   17.219950] cloud-init[964]: ci-info: |   0   |  fe80::/64  |    ::   |   enp0s3  |   U   |
[   17.220491] cloud-init[964]: ci-info: |   3   |   ff00::/8  |    ::   |   enp0s3  |   U   |
[   17.220749] cloud-init[964]: ci-info: +-------+-------------+---------+-----------+-------+
[0;32m  OK  [0m] Reached target Network is Online.
         Starting iSCSI initiator daemon (iscsid)...
[[0;32m  OK  [0m] Reached target System Initialization.
[[0;32m  OK  [0m] Listening on ACPID Listen Socket.
         Starting LXD - unix socket.
         Starting Socket activation for snappy daemon.
[[0;32m  OK  [0m] Started Daily Cleanup of Temporary Directories.
[[0;32m  OK  [0m] Started ACPI Events Check.
[[0;32m  OK  [0m] Reached target Paths.
[[0;32m  OK  [0m] Listening on UUID daemon activation socket.
[[0;32m  OK  [0m] Listening on D-Bus System Message Bus Socket.
[[0;32m  OK  [0m] Started Daily apt download activities.
[[0;32m  OK  [0m] Started Daily apt upgrade and clean activities.
[[0;32m  OK  [0m] Reached target Timers.
[[0;32m  OK  [0m] Listening on LXD - unix socket.
[[0;32m  OK  [0m] Listening on Socket activation for snappy daemon.
[[0;32m  OK  [0m] Started iSCSI initiator daemon (iscsid).
         Starting Login to default iSCSI targets...
[[0;32m  OK  [0m] Reached target Sockets.
[[0;32m  OK  [0m] Reached target Basic System.
         Starting System Logging Service...
[[0;32m  OK  [0m] Started Unattended Upgrades Shutdown.
         Starting LSB: Record successful boot for GRUB...
[[0;32m  OK  [0m] Started ACPI event daemon.
         Starting Accounts Service...
[[0;32m  OK  [0m] Started FUSE filesystem for LXC.
         Starting /etc/rc.local Compatibility...
         Starting Snappy daemon...
         Starting Login Service...
         Starting Virtualbox guest utils...
[[0;32m  OK  [0m] Started D-Bus System Message Bus.
         Starting OpenBSD Secure Shell server...
         Starting LSB: MD monitoring daemon...
[[0;32m  OK  [0m] Started Deferred execution scheduler.
[[0;32m  OK  [0m] Started Regular background program processing daemon.
         Starting LXD - container startup/shutdown...
[[0;32m  OK  [0m] Started System Logging Service.
[[0;32m  OK  [0m] Started /etc/rc.local Compatibility.
[[0;32m  OK  [0m] Started Login Service.
[[0;32m  OK  [0m] Started LSB: Record successful boot for GRUB.
[[0;32m  OK  [0m] Started Login to default iSCSI targets.
[[0;32m  OK  [0m] Started LSB: MD monitoring daemon.
[[0;32m  OK  [0m] Started OpenBSD Secure Shell server.
[[0;32m  OK  [0m] Reached target Remote File Systems (Pre).
[[0;32m  OK  [0m] Reached target Remote File Systems.
         Starting LSB: automatic crash report generation...
         Starting LSB: daemon to balance interrupts for SMP systems...
         Starting Permit User Sessions...
         Starting LSB: Set the CPU Frequency Scaling governor to "ondemand"...
         Starting Authenticate and Authorize Users to Run Privileged Tasks...
[[0;32m  OK  [0m] Started Virtualbox guest utils.
[[0;32m  OK  [0m] Started Permit User Sessions.
[[0;32m  OK  [0m] Started Snappy daemon.
[[0;32m  OK  [0m] Started LSB: Set the CPU Frequency Scaling governor to "ondemand".
         Starting Wait until snapd is fully seeded...
         Starting Hold until boot process finishes up...
         Starting Terminate Plymouth Boot Screen...
[[0;32m  OK  [0m] Started Hold until boot process finishes up.
[[0;32m  OK  [0m] Started LSB: automatic crash report generation.
[[0;32m  OK  [0m] Started Terminate Plymouth Boot Screen.
[[0;32m  OK  [0m] Started LSB: daemon to balance interrupts for SMP systems.
[[0;32m  OK  [0m] Started Authenticate and Authorize Users to Run Privileged Tasks.
[[0;32m  OK  [0m] Started Accounts Service.
[[0;32m  OK  [0m] Started Getty on tty1.
         Starting Set console scheme...
[[0;32m  OK  [0m] Started Serial Getty on ttyS0.
[[0;32m  OK  [0m] Reached target Login Prompts.
[[0;32m  OK  [0m] Started Wait until snapd is fully seeded.
[[0;32m  OK  [0m] Started Set console scheme.
         Starting Apply the settings specified in cloud-config...
[[0;32m  OK  [0m] Started LXD - container startup/shutdown.
[[0;32m  OK  [0m] Reached target Multi-User System.
[[0;32m  OK  [0m] Reached target Graphical Interface.
         Starting Update UTMP about System Runlevel Changes...
[[0;32m  OK  [0m] Started Update UTMP about System Runlevel Changes.
[   19.668175] cloud-init[1193]: Cloud-init v. 18.3-9-g2e62cb8a-0ubuntu1~16.04.2 running 'modules:config' at Sat, 08 Sep 2018 11:02:48 +0000. Up 19.54 seconds.
[[0;32m  OK  [0m] Started Apply the settings specified in cloud-config.
         Starting Execute cloud user/final scripts...
[   20.155276] cloud-init[1206]: Cloud-init v. 18.3-9-g2e62cb8a-0ubuntu1~16.04.2 running 'modules:final' at Sat, 08 Sep 2018 11:02:48 +0000. Up 20.03 seconds.
[   20.160591] cloud-init[1206]: Cloud-init v. 18.3-9-g2e62cb8a-0ubuntu1~16.04.2 finished at Sat, 08 Sep 2018 11:02:49 +0000. Datasource DataSourceNoCloud [seed=/dev/sdb][dsmode=net].  Up 20.15 seconds
[[0;32m  OK  [0m] Started Execute cloud user/final scripts.
[[0;32m  OK  [0m] Reached target Cloud-init target.

Ubuntu 16.04.5 LTS ubuntu-xenial ttyS0

ubuntu-xenial login: 